2026-09-11 23:15:06,838 - aqt.main - INFO - installer 57764 aqtinstall(aqt) v3.3.0 on Python 3.11.9 [CPython MSC v.1938 64 bit (AMD64)]
2026-09-11 23:15:18,518 - aqt.helper - DEBUG - helper 31440 Attempt to download checksum at https://download.qt.io/online/qtsdkrepository/windows_x86/desktop/qt6_683/qt6_683/Updates.xml.sha256
2026-09-11 23:15:54,436 - aqt.helper - DEBUG - helper 55760 Attempt to download checksum at https://download.qt.io/online/qtsdkrepository/windows_x86/desktop/qt6_6101/qt6_6101/Updates.xml.sha256
2026-09-11 23:16:04,272 - aqt.main - INFO - installer 55564 aqtinstall(aqt) v3.3.0 on Python 3.11.9 [CPython MSC v.1938 64 bit (AMD64)]
2026-09-11 23:16:04,279 - aqt.helper - DEBUG - helper 55564 Attempt to download checksum at https://download.qt.io/online/qtsdkrepository/windows_x86/desktop/qt6_683/qt6_683/Updates.xml.sha256
2026-09-11 23:16:07,358 - aqt.helper - DEBUG - helper 55564 Attempt to download checksum at https://download.qt.io/online/qtsdkrepository/windows_x86/extensions/qtwebengine/683/msvc2022_64/Updates.xml.sha256
2026-09-11 23:16:11,025 - aqt.archives - INFO - archives 55564 Found extension qtwebengine
2026-09-11 23:16:11,025 - aqt.helper - DEBUG - helper 55564 Attempt to download checksum at https://download.qt.io/online/qtsdkrepository/windows_x86/extensions/qtpdf/683/msvc2022_64/Updates.xml.sha256
2026-09-11 23:16:14,280 - aqt.archives - INFO - archives 55564 Found extension qtpdf
2026-09-11 23:16:15,243 - aqt.helper - DEBUG - helper 53284 Attempt to download checksum at https://download.qt.io/online/qtsdkrepository/windows_x86/desktop/qt6_683/qt6_683/qt.qt6.683.addons.qtimageformats.win64_msvc2022_64/6.8.3-0-202503201308qtimageformats-Windows-Windows_11_23H2-MSVC2022-Windows-Windows_11_23H2-X86_64.7z.sha256
2026-09-11 23:16:15,254 - aqt.helper - DEBUG - helper 45696 Attempt to download checksum at https://download.qt.io/online/qtsdkrepository/windows_x86/desktop/qt6_683/qt6_683/qt.qt6.683.win64_msvc2022_64/6.8.3-0-202503201308qtbase-Windows-Windows_11_23H2-MSVC2022-Windows-Windows_11_23H2-X86_64.7z.sha256
2026-09-11 23:16:15,266 - aqt.helper - DEBUG - helper 39316 Attempt to download checksum at https://download.qt.io/online/qtsdkrepository/windows_x86/desktop/qt6_683/qt6_683/qt.qt6.683.win64_msvc2022_64/6.8.3-0-202503201308qtsvg-Windows-Windows_11_23H2-MSVC2022-Windows-Windows_11_23H2-X86_64.7z.sha256
2026-09-11 23:16:15,292 - aqt.helper - DEBUG - helper 14812 Attempt to download checksum at https://download.qt.io/online/qtsdkrepository/windows_x86/desktop/qt6_683/qt6_683/qt.qt6.683.win64_msvc2022_64/6.8.3-0-202503201308qtdeclarative-Windows-Windows_11_23H2-MSVC2022-Windows-Windows_11_23H2-X86_64.7z.sha256
2026-09-11 23:16:16,722 - aqt.helper - INFO - helper 45696 Downloading qtbase...
2026-09-11 23:16:16,722 - aqt.installer - DEBUG - installer 45696 Download URL: https://download.qt.io/online/qtsdkrepository/windows_x86/desktop/qt6_683/qt6_683/qt.qt6.683.win64_msvc2022_64/6.8.3-0-202503201308qtbase-Windows-Windows_11_23H2-MSVC2022-Windows-Windows_11_23H2-X86_64.7z
2026-09-11 23:16:16,888 - aqt.helper - INFO - helper 14812 Downloading qtdeclarative...
2026-09-11 23:16:16,888 - aqt.installer - DEBUG - installer 14812 Download URL: https://download.qt.io/online/qtsdkrepository/windows_x86/desktop/qt6_683/qt6_683/qt.qt6.683.win64_msvc2022_64/6.8.3-0-202503201308qtdeclarative-Windows-Windows_11_23H2-MSVC2022-Windows-Windows_11_23H2-X86_64.7z
2026-09-11 23:16:17,062 - aqt.helper - INFO - helper 53284 Downloading qtimageformats...
2026-09-11 23:16:17,062 - aqt.installer - DEBUG - installer 53284 Download URL: https://download.qt.io/online/qtsdkrepository/windows_x86/desktop/qt6_683/qt6_683/qt.qt6.683.addons.qtimageformats.win64_msvc2022_64/6.8.3-0-202503201308qtimageformats-Windows-Windows_11_23H2-MSVC2022-Windows-Windows_11_23H2-X86_64.7z
2026-09-11 23:16:18,078 - aqt.helper - INFO - helper 39316 Downloading qtsvg...
2026-09-11 23:16:18,079 - aqt.installer - DEBUG - installer 39316 Download URL: https://download.qt.io/online/qtsdkrepository/windows_x86/desktop/qt6_683/qt6_683/qt.qt6.683.win64_msvc2022_64/6.8.3-0-202503201308qtsvg-Windows-Windows_11_23H2-MSVC2022-Windows-Windows_11_23H2-X86_64.7z
2026-09-11 23:16:18,357 - aqt.helper - DEBUG - helper 45696 Asked to redirect(302) to: https://mirror.maeen.sa/qtproject/online/qtsdkrepository/windows_x86/desktop/qt6_683/qt6_683/qt.qt6.683.win64_msvc2022_64/6.8.3-0-202503201308qtbase-Windows-Windows_11_23H2-MSVC2022-Windows-Windows_11_23H2-X86_64.7z
2026-09-11 23:16:18,357 - aqt.helper - INFO - helper 45696 Redirected: mirror.maeen.sa
2026-09-11 23:16:18,680 - aqt.helper - DEBUG - helper 53284 Asked to redirect(302) to: https://mirror.maeen.sa/qtproject/online/qtsdkrepository/windows_x86/desktop/qt6_683/qt6_683/qt.qt6.683.addons.qtimageformats.win64_msvc2022_64/6.8.3-0-202503201308qtimageformats-Windows-Windows_11_23H2-MSVC2022-Windows-Windows_11_23H2-X86_64.7z
2026-09-11 23:16:18,680 - aqt.helper - INFO - helper 53284 Redirected: mirror.maeen.sa
2026-09-11 23:16:19,088 - aqt.helper - DEBUG - helper 14812 Asked to redirect(302) to: https://mirror.maeen.sa/qtproject/online/qtsdkrepository/windows_x86/desktop/qt6_683/qt6_683/qt.qt6.683.win64_msvc2022_64/6.8.3-0-202503201308qtdeclarative-Windows-Windows_11_23H2-MSVC2022-Windows-Windows_11_23H2-X86_64.7z
2026-09-11 23:16:19,088 - aqt.helper - INFO - helper 14812 Redirected: mirror.maeen.sa
2026-09-11 23:16:21,034 - aqt.helper - DEBUG - helper 39316 Asked to redirect(302) to: https://mirror.maeen.sa/qtproject/online/qtsdkrepository/windows_x86/desktop/qt6_683/qt6_683/qt.qt6.683.win64_msvc2022_64/6.8.3-0-202503201308qtsvg-Windows-Windows_11_23H2-MSVC2022-Windows-Windows_11_23H2-X86_64.7z
2026-09-11 23:16:21,034 - aqt.helper - INFO - helper 39316 Redirected: mirror.maeen.sa
2026-09-11 23:16:22,141 - aqt.installer - INFO - installer 53284 Finished installation of qtimageformats-Windows-Windows_11_23H2-MSVC2022-Windows-Windows_11_23H2-X86_64.7z in 6.89980000
2026-09-11 23:16:22,153 - aqt.helper - DEBUG - helper 53284 Attempt to download checksum at https://download.qt.io/online/qtsdkrepository/windows_x86/desktop/qt6_683/qt6_683/qt.qt6.683.win64_msvc2022_64/6.8.3-0-202503201308qttools-Windows-Windows_11_23H2-MSVC2022-Windows-Windows_11_23H2-X86_64.7z.sha256
2026-09-11 23:16:24,250 - aqt.installer - INFO - installer 39316 Finished installation of qtsvg-Windows-Windows_11_23H2-MSVC2022-Windows-Windows_11_23H2-X86_64.7z in 8.98476850
2026-09-11 23:16:24,262 - aqt.helper - DEBUG - helper 39316 Attempt to download checksum at https://download.qt.io/online/qtsdkrepository/windows_x86/desktop/qt6_683/qt6_683/qt.qt6.683.win64_msvc2022_64/6.8.3-0-202503201308qttranslations-Windows-Windows_11_23H2-MSVC2022-Windows-Windows_11_23H2-X86_64.7z.sha256
2026-09-11 23:16:24,417 - aqt.helper - INFO - helper 53284 Downloading qttools...
2026-09-11 23:16:24,418 - aqt.installer - DEBUG - installer 53284 Download URL: https://download.qt.io/online/qtsdkrepository/windows_x86/desktop/qt6_683/qt6_683/qt.qt6.683.win64_msvc2022_64/6.8.3-0-202503201308qttools-Windows-Windows_11_23H2-MSVC2022-Windows-Windows_11_23H2-X86_64.7z
2026-09-11 23:16:26,494 - aqt.helper - DEBUG - helper 53284 Asked to redirect(302) to: https://mirror.maeen.sa/qtproject/online/qtsdkrepository/windows_x86/desktop/qt6_683/qt6_683/qt.qt6.683.win64_msvc2022_64/6.8.3-0-202503201308qttools-Windows-Windows_11_23H2-MSVC2022-Windows-Windows_11_23H2-X86_64.7z
2026-09-11 23:16:26,494 - aqt.helper - INFO - helper 53284 Redirected: mirror.maeen.sa
2026-09-11 23:16:26,504 - aqt.helper - INFO - helper 39316 Downloading qttranslations...
2026-09-11 23:16:26,504 - aqt.installer - DEBUG - installer 39316 Download URL: https://download.qt.io/online/qtsdkrepository/windows_x86/desktop/qt6_683/qt6_683/qt.qt6.683.win64_msvc2022_64/6.8.3-0-202503201308qttranslations-Windows-Windows_11_23H2-MSVC2022-Windows-Windows_11_23H2-X86_64.7z
2026-09-11 23:16:28,275 - aqt.helper - DEBUG - helper 39316 Asked to redirect(302) to: https://mirror.maeen.sa/qtproject/online/qtsdkrepository/windows_x86/desktop/qt6_683/qt6_683/qt.qt6.683.win64_msvc2022_64/6.8.3-0-202503201308qttranslations-Windows-Windows_11_23H2-MSVC2022-Windows-Windows_11_23H2-X86_64.7z
2026-09-11 23:16:28,275 - aqt.helper - INFO - helper 39316 Redirected: mirror.maeen.sa
2026-09-11 23:16:33,641 - aqt.installer - INFO - installer 39316 Finished installation of qttranslations-Windows-Windows_11_23H2-MSVC2022-Windows-Windows_11_23H2-X86_64.7z in 9.38025110
2026-09-11 23:16:33,657 - aqt.helper - DEBUG - helper 39316 Attempt to download checksum at https://download.qt.io/online/qtsdkrepository/windows_x86/desktop/qt6_683/qt6_683/qt.qt6.683.win64_msvc2022_64/6.8.3-0-202503201308d3dcompiler_47-x64.7z.sha256
2026-09-11 23:16:35,185 - aqt.helper - INFO - helper 39316 Downloading d3dcompiler_47...
2026-09-11 23:16:35,185 - aqt.installer - DEBUG - installer 39316 Download URL: https://download.qt.io/online/qtsdkrepository/windows_x86/desktop/qt6_683/qt6_683/qt.qt6.683.win64_msvc2022_64/6.8.3-0-202503201308d3dcompiler_47-x64.7z
2026-09-11 23:16:36,918 - aqt.helper - DEBUG - helper 39316 Asked to redirect(302) to: https://mirror.maeen.sa/qtproject/online/qtsdkrepository/windows_x86/desktop/qt6_683/qt6_683/qt.qt6.683.win64_msvc2022_64/6.8.3-0-202503201308d3dcompiler_47-x64.7z
2026-09-11 23:16:36,919 - aqt.helper - INFO - helper 39316 Redirected: mirror.maeen.sa
2026-09-11 23:16:39,362 - aqt.installer - INFO - installer 45696 Finished installation of qtbase-Windows-Windows_11_23H2-MSVC2022-Windows-Windows_11_23H2-X86_64.7z in 24.10997550
2026-09-11 23:16:39,379 - aqt.helper - DEBUG - helper 45696 Attempt to download checksum at https://download.qt.io/online/qtsdkrepository/windows_x86/desktop/qt6_683/qt6_683/qt.qt6.683.win64_msvc2022_64/6.8.3-0-202503201308opengl32sw-64-mesa_11_2_2-signed_sha256.7z.sha256
2026-09-11 23:16:40,775 - aqt.helper - INFO - helper 45696 Downloading opengl32sw...
2026-09-11 23:16:40,775 - aqt.installer - DEBUG - installer 45696 Download URL: https://download.qt.io/online/qtsdkrepository/windows_x86/desktop/qt6_683/qt6_683/qt.qt6.683.win64_msvc2022_64/6.8.3-0-202503201308opengl32sw-64-mesa_11_2_2-signed_sha256.7z
2026-09-11 23:16:42,542 - aqt.helper - DEBUG - helper 45696 Asked to redirect(302) to: https://mirror.maeen.sa/qtproject/online/qtsdkrepository/windows_x86/desktop/qt6_683/qt6_683/qt.qt6.683.win64_msvc2022_64/6.8.3-0-202503201308opengl32sw-64-mesa_11_2_2-signed_sha256.7z
2026-09-11 23:16:42,543 - aqt.helper - INFO - helper 45696 Redirected: mirror.maeen.sa
2026-09-11 23:16:44,642 - aqt.installer - INFO - installer 39316 Finished installation of d3dcompiler_47-x64.7z in 10.98782830
2026-09-11 23:17:24,149 - aqt.installer - INFO - installer 45696 Finished installation of opengl32sw-64-mesa_11_2_2-signed_sha256.7z in 44.77245180
2026-09-11 23:19:24,983 - aqt.installer - INFO - installer 53284 Finished installation of qttools-Windows-Windows_11_23H2-MSVC2022-Windows-Windows_11_23H2-X86_64.7z in 182.83254790
2026-09-11 23:19:30,433 - aqt.installer - WARNING - installer 55564 Caught ArchiveDownloadError, terminating installer workers
2026-09-11 23:19:30,449 - aqt.main - ERROR - installer 55564 Download of 6.8.3-0-202503201308qtdeclarative-Windows-Windows_11_23H2-MSVC2022-Windows-Windows_11_23H2-X86_64.7z has error: ('Connection broken: IncompleteRead(18447554 bytes read, 129765248 more expected)', IncompleteRead(18447554 bytes read, 129765248 more expected))
